// Vitest Snapshot v1, https://vitest.dev/guide/snapshot.html

exports[`ProjectStatus: renders with empty 1`] = `
<body>
  <div>
    <div
      class="rounded-lg bg-white p-6 shadow-md"
    >
      <a
        class=""
        href="/hello"
      >
        <div
          class="mb-2 text-gray-500"
        >
          <p>
            This is a test
          </p>
        </div>
      </a>
    </div>
  </div>
</body>
`;
